adadad
adad

adad
adad
adad
adad
adad
adad
adad
adad

ad
ad
ad
